// Jest Snapshot v1, https://goo.gl/fbAQLP

exports[`<Container /> renders correctly 1`] = `
<main
  className="wrapper"
>
  <h1>
    test
  </h1>
</main>
`;
