// Jest Snapshot v1, https://goo.gl/fbAQLP

exports[`<Loader /> renders correctly 1`] = `
<div
  className="ldsRing undefined"
>
  <div
    style={
      Object {
        "border": "6px solid #fff",
        "borderColor": "#17b3db transparent transparent transparent",
        "height": "51px",
        "width": "51px",
      }
    }
  />
  <div
    style={
      Object {
        "border": "6px solid #fff",
        "borderColor": "#17b3db transparent transparent transparent",
        "height": "51px",
        "width": "51px",
      }
    }
  />
  <div
    style={
      Object {
        "border": "6px solid #fff",
        "borderColor": "#17b3db transparent transparent transparent",
        "height": "51px",
        "width": "51px",
      }
    }
  />
  <div
    style={
      Object {
        "border": "6px solid #fff",
        "borderColor": "#17b3db transparent transparent transparent",
        "height": "51px",
        "width": "51px",
      }
    }
  />
</div>
`;
