// Jest Snapshot v1, https://goo.gl/fbAQLP

exports[`<CardItem /> renders correctly 1`] = `
<li
  className="item"
>
  <span>
    test
  </span>
  <strong>
    R$Â NaN
  </strong>
</li>
`;
